// Jest Snapshot v1, https://goo.gl/fbAQLP

exports[`renders learn react link 1`] = `
Object {
  "asFragment": [Function],
  "baseElement": <body>
    <div>
      <div
        class="App"
      >
        <div>
          <div
            class="App"
          >
            <form
              id="regForm"
            >
              <h1
                id="register"
              >
                The Toxicity Monitor
              </h1>
              <div
                class="tab"
              >
                <h4>
                  The Toxicity Monitor is a toxicity analysis application,which, given a piece of text, is able to determine if the text is toxic or not.
                  <br />
                  <br />
                  <b>
                    Try it by writing something in english below.
                  </b>
                </h4>
                <input
                  id="user_text"
                  name="user_text"
                  placeholder="Please write something here..."
                  type="text"
                  value=""
                />
                <br />
              </div>
              <input
                id="submit_"
                type="submit"
                value="Send"
              />
            </form>
          </div>
        </div>
      </div>
    </div>
  </body>,
  "container": <div>
    <div
      class="App"
    >
      <div>
        <div
          class="App"
        >
          <form
            id="regForm"
          >
            <h1
              id="register"
            >
              The Toxicity Monitor
            </h1>
            <div
              class="tab"
            >
              <h4>
                The Toxicity Monitor is a toxicity analysis application,which, given a piece of text, is able to determine if the text is toxic or not.
                <br />
                <br />
                <b>
                  Try it by writing something in english below.
                </b>
              </h4>
              <input
                id="user_text"
                name="user_text"
                placeholder="Please write something here..."
                type="text"
                value=""
              />
              <br />
            </div>
            <input
              id="submit_"
              type="submit"
              value="Send"
            />
          </form>
        </div>
      </div>
    </div>
  </div>,
  "debug": [Function],
  "findAllByAltText": [Function],
  "findAllByDisplayValue": [Function],
  "findAllByLabelText": [Function],
  "findAllByPlaceholderText": [Function],
  "findAllByRole": [Function],
  "findAllByTestId": [Function],
  "findAllByText": [Function],
  "findAllByTitle": [Function],
  "findByAltText": [Function],
  "findByDisplayValue": [Function],
  "findByLabelText": [Function],
  "findByPlaceholderText": [Function],
  "findByRole": [Function],
  "findByTestId": [Function],
  "findByText": [Function],
  "findByTitle": [Function],
  "getAllByAltText": [Function],
  "getAllByDisplayValue": [Function],
  "getAllByLabelText": [Function],
  "getAllByPlaceholderText": [Function],
  "getAllByRole": [Function],
  "getAllByTestId": [Function],
  "getAllByText": [Function],
  "getAllByTitle": [Function],
  "getByAltText": [Function],
  "getByDisplayValue": [Function],
  "getByLabelText": [Function],
  "getByPlaceholderText": [Function],
  "getByRole": [Function],
  "getByTestId": [Function],
  "getByText": [Function],
  "getByTitle": [Function],
  "queryAllByAltText": [Function],
  "queryAllByDisplayValue": [Function],
  "queryAllByLabelText": [Function],
  "queryAllByPlaceholderText": [Function],
  "queryAllByRole": [Function],
  "queryAllByTestId": [Function],
  "queryAllByText": [Function],
  "queryAllByTitle": [Function],
  "queryByAltText": [Function],
  "queryByDisplayValue": [Function],
  "queryByLabelText": [Function],
  "queryByPlaceholderText": [Function],
  "queryByRole": [Function],
  "queryByTestId": [Function],
  "queryByText": [Function],
  "queryByTitle": [Function],
  "rerender": [Function],
  "unmount": [Function],
}
`;
